[RemoteTestNG] detected TestNG version 6.11.0
org.testng.TestNGException: 
Cannot instantiate class Domilexus.Login
	at org.testng.internal.ObjectFactoryImpl.newInstance(ObjectFactoryImpl.java:31)
	at org.testng.internal.ClassHelper.createInstance1(ClassHelper.java:410)
	at org.testng.internal.ClassHelper.createInstance(ClassHelper.java:323)
	at org.testng.internal.ClassImpl.getDefaultInstance(ClassImpl.java:126)
	at org.testng.internal.ClassImpl.getInstances(ClassImpl.java:191)
	at org.testng.TestClass.getInstances(TestClass.java:99)
	at org.testng.TestClass.initTestClassesAndInstances(TestClass.java:85)
	at org.testng.TestClass.init(TestClass.java:77)
	at org.testng.TestClass.<init>(TestClass.java:42)
	at org.testng.TestRunner.initMethods(TestRunner.java:423)
	at org.testng.TestRunner.init(TestRunner.java:250)
	at org.testng.TestRunner.init(TestRunner.java:220)
	at org.testng.TestRunner.<init>(TestRunner.java:169)
	at org.testng.remote.support.RemoteTestNG6_10$1.newTestRunner(RemoteTestNG6_10.java:28)
	at org.testng.remote.support.RemoteTestNG6_10$DelegatingTestRunnerFactory.newTestRunner(RemoteTestNG6_10.java:61)
	at org.testng.SuiteRunner$ProxyTestRunnerFactory.newTestRunner(SuiteRunner.java:616)
	at org.testng.SuiteRunner.init(SuiteRunner.java:185)
	at org.testng.SuiteRunner.<init>(SuiteRunner.java:131)
	at org.testng.TestNG.createSuiteRunner(TestNG.java:1383)
	at org.testng.TestNG.createSuiteRunners(TestNG.java:1363)
	at org.testng.TestNG.runSuitesLocally(TestNG.java:1217)
	at org.testng.TestNG.runSuites(TestNG.java:1144)
	at org.testng.TestNG.run(TestNG.java:1115)
	at org.testng.remote.AbstractRemoteTestNG.run(AbstractRemoteTestNG.java:114)
	at org.testng.remote.RemoteTestNG.initAndRun(RemoteTestNG.java:251)
	at org.testng.remote.RemoteTestNG.main(RemoteTestNG.java:77)
Caused by: java.lang.reflect.InvocationTargetException
	at sun.reflect.NativeConstructorAccessorImpl.newInstance0(Native Method)
	at sun.reflect.NativeConstructorAccessorImpl.newInstance(Unknown Source)
	at sun.reflect.DelegatingConstructorAccessorImpl.newInstance(Unknown Source)
	at java.lang.reflect.Constructor.newInstance(Unknown Source)
	at org.testng.internal.ObjectFactoryImpl.newInstance(ObjectFactoryImpl.java:23)
	... 25 more
Caused by: java.lang.Error: Unresolved compilation problem: 
	Domilexus.TestBase cannot be resolved to a type

	at Domilexus.Login.<init>(Login.java:14)
	... 30 more
